/*C4*/SET SCHEMA PUBLIC
CREATE SEQUENCE global_seq AS INTEGER START WITH 100000
/*C5*/SET SCHEMA PUBLIC
DISCONNECT
/*C4*/CREATE TABLE restaurants\u000d\u000a(\u000d\u000a    name VARCHAR(255)            NOT NULL,\u000d\u000a    id INTEGER GENERATED BY DEFAULT AS SEQUENCE GLOBAL_SEQ PRIMARY KEY\u000d\u000a)
/*C6*/SET SCHEMA PUBLIC
DISCONNECT
/*C4*/DROP TABLE restaurants IF EXISTS
/*C7*/SET SCHEMA PUBLIC
DISCONNECT
/*C4*/DROP SEQUENCE global_seq IF EXISTS
/*C8*/SET SCHEMA PUBLIC
DISCONNECT
/*C9*/SET SCHEMA PUBLIC
DISCONNECT
/*C4*/DROP SEQUENCE global_seq IF EXISTS
/*C10*/SET SCHEMA PUBLIC
DISCONNECT
/*C4*/CREATE SEQUENCE global_seq AS INTEGER START WITH 100000
/*C11*/SET SCHEMA PUBLIC
DISCONNECT
/*C4*/CREATE TABLE restaurant\u000d\u000a(\u000d\u000a    name VARCHAR(255)            NOT NULL,\u000d\u000a    id INTEGER GENERATED BY DEFAULT AS SEQUENCE GLOBAL_SEQ PRIMARY KEY\u000d\u000a)
/*C12*/SET SCHEMA PUBLIC
DISCONNECT
/*C4*/INSERT INTO RESTAURANT VALUES('\u0422\u0430\u043d\u0443\u043a\u0438',100000)
INSERT INTO RESTAURANT VALUES('\u041c\u0430\u043a\u0434\u043e\u043d\u0430\u043b\u044c\u0434\u0441',100001)
ALTER SEQUENCE PUBLIC.GLOBAL_SEQ RESTART WITH 100002
COMMIT
DROP TABLE restaurant IF EXISTS
/*C13*/SET SCHEMA PUBLIC
DISCONNECT
/*C4*/DROP SEQUENCE global_seq IF EXISTS
/*C14*/SET SCHEMA PUBLIC
DISCONNECT
/*C4*/CREATE SEQUENCE global_seq AS INTEGER START WITH 100000
/*C15*/SET SCHEMA PUBLIC
DISCONNECT
/*C4*/CREATE TABLE restaurant\u000d\u000a(\u000d\u000a    name VARCHAR(255)            NOT NULL,\u000d\u000a    id INTEGER GENERATED BY DEFAULT AS SEQUENCE GLOBAL_SEQ PRIMARY KEY\u000d\u000a)
/*C16*/SET SCHEMA PUBLIC
DISCONNECT
/*C4*/INSERT INTO RESTAURANT VALUES('\u0422\u0430\u043d\u0443\u043a\u0438',100000)
INSERT INTO RESTAURANT VALUES('\u041c\u0430\u043a\u0434\u043e\u043d\u0430\u043b\u044c\u0434\u0441',100001)
ALTER SEQUENCE PUBLIC.GLOBAL_SEQ RESTART WITH 100002
COMMIT
/*C17*/SET SCHEMA PUBLIC
DISCONNECT
/*C18*/SET SCHEMA PUBLIC
DISCONNECT
/*C19*/SET SCHEMA PUBLIC
DISCONNECT
/*C4*/DISCONNECT
